  AIFS archive 2025-02-26..2025-03-11: 1008 rows
  AIFS archive 2025-03-12..2025-03-25: 1008 rows
  AIFS archive 2025-03-26..2025-04-08: 1008 rows
  AIFS archive 2025-04-09..2025-04-22: 1008 rows
  AIFS archive 2025-04-23..2025-05-06: 1008 rows
  AIFS archive 2025-05-07..2025-05-20: 1008 rows
  AIFS archive 2025-05-21..2025-06-03: 1008 rows
  AIFS archive 2025-06-04..2025-06-17: 1008 rows
  AIFS archive 2025-06-18..2025-07-01: 1008 rows
  AIFS archive 2025-07-02..2025-07-15: 1008 rows
  AIFS archive 2025-07-16..2025-07-29: 1008 rows
  AIFS archive 2025-07-30..2025-08-12: 1008 rows
  AIFS archive 2025-08-13..2025-08-26: 1008 rows
  AIFS archive 2025-08-27..2025-09-09: 1008 rows
  AIFS archive 2025-09-10..2025-09-23: 1008 rows
  AIFS archive 2025-09-24..2025-10-07: 1008 rows
  AIFS archive 2025-10-08..2025-10-21: 1008 rows
  AIFS archive 2025-10-22..2025-11-04: 1008 rows
  AIFS archive 2025-11-05..2025-11-18: 1008 rows
  AIFS archive 2025-11-19..2025-12-02: 1008 rows
  AIFS archive 2025-12-03..2025-12-16: 1008 rows
  AIFS archive 2025-12-17..2025-12-30: 1008 rows
  AIFS archive 2025-12-31..2026-01-13: 1008 rows
  AIFS archive 2026-01-14..2026-01-27: 1008 rows
  AIFS archive 2026-01-28..2026-02-10: 1008 rows
  AIFS archive 2026-02-11..2026-02-24: 1008 rows
  AIFS archive 2026-02-25..2026-02-25: 72 rows
{
  "completed_dates": 365,
  "requests": 27,
  "missing_dates": []
}
